
PROGRAM "C:\Users\Administrator\Desktop\Fms\FMS\°ÂÌ©10V3T\02 CodeWarrior\bin\Project.abs"

*********************************************************************************************
TARGET SECTION
---------------------------------------------------------------------------------------------
Processor   : Freescale HC08
Memory Model: SMALL
File Format : ELF\DWARF 2.0
Linker      : SmartLinker V-5.0.37 Build 9279, Oct  7 2009

*********************************************************************************************
FILE SECTION
---------------------------------------------------------------------------------------------
EMBEDDED.C.o (ansiis.lib)               Model: SMALL,         Lang: ANSI-C
PRINTF.C.o (ansiis.lib)                 Model: SMALL,         Lang: ANSI-C
RTSHC08.C.o (ansiis.lib)                Model: SMALL,         Lang: ANSI-C
MC9S08DZ60.C.o                          Model: SMALL,         Lang: ANSI-C
Start08.c.o                             Model: SMALL,         Lang: ANSI-C
main.c.o                                Model: SMALL,         Lang: ANSI-C
mcu.c.o                                 Model: SMALL,         Lang: ANSI-C
MCUinit.c.o                             Model: SMALL,         Lang: ANSI-C
test.c.o                                Model: SMALL,         Lang: ANSI-C
can.c.o                                 Model: SMALL,         Lang: ANSI-C
ltc6802.c.o                             Model: SMALL,         Lang: ANSI-C
bmu.c.o                                 Model: SMALL,         Lang: ANSI-C
wx.c.o                                  Model: SMALL,         Lang: ANSI-C
vs.c.o                                  Model: SMALL,         Lang: ANSI-C
ts.c.o                                  Model: SMALL,         Lang: ANSI-C
bal.c.o                                 Model: SMALL,         Lang: ANSI-C
mng.c.o                                 Model: SMALL,         Lang: ANSI-C
cal.c.o                                 Model: SMALL,         Lang: ANSI-C
pi.c.o                                  Model: SMALL,         Lang: ANSI-C
sc.c.o                                  Model: SMALL,         Lang: ANSI-C

*********************************************************************************************
STARTUP SECTION
---------------------------------------------------------------------------------------------
Entry point: 0x197B (_Startup)
_startupData is allocated at 0x1984 and uses 6 Bytes
extern struct _tagStartup {
  unsigned nofZeroOut     1
  _Range   pZeroOut       0x100     705
  _Copy    *toCopyDownBeg 0x3044
} _startupData;

*********************************************************************************************
SECTION-ALLOCATION SECTION
Section Name                    Size  Type     From       To       Segment
---------------------------------------------------------------------------------------------
.data                              1   R/W      0x100      0x100   RAM
.init                            132     R     0x1900     0x1983   ROM
.startData                        14     R     0x1984     0x1991   ROM
.rodata                          515     R     0x1992     0x1B94   ROM
.rodata1                         336     R     0x1B95     0x1CE4   ROM
.text                           4959     R     0x1CE5     0x3043   ROM
.copy                              7     R     0x3044     0x304A   ROM
.abs_section_0                     1   N/I        0x0        0x0   .absSeg0
.abs_section_1                     1   N/I        0x1        0x1   .absSeg1
.abs_section_2                     1   N/I        0x2        0x2   .absSeg2
.abs_section_3                     1   N/I        0x3        0x3   .absSeg3
.abs_section_4                     1   N/I        0x4        0x4   .absSeg4
.abs_section_5                     1   N/I        0x5        0x5   .absSeg5
.abs_section_6                     1   N/I        0x6        0x6   .absSeg6
.abs_section_7                     1   N/I        0x7        0x7   .absSeg7
.abs_section_8                     1   N/I        0x8        0x8   .absSeg8
.abs_section_9                     1   N/I        0x9        0x9   .absSeg9
.abs_section_a                     1   N/I        0xA        0xA   .absSeg10
.abs_section_b                     1   N/I        0xB        0xB   .absSeg11
.abs_section_c                     1   N/I        0xC        0xC   .absSeg12
.abs_section_d                     1   N/I        0xD        0xD   .absSeg13
.abs_section_e                     1   N/I        0xE        0xE   .absSeg14
.abs_section_f                     1   N/I        0xF        0xF   .absSeg15
.abs_section_10                    1   N/I       0x10       0x10   .absSeg16
.abs_section_11                    1   N/I       0x11       0x11   .absSeg17
.abs_section_16                    1   N/I       0x16       0x16   .absSeg18
.abs_section_17                    1   N/I       0x17       0x17   .absSeg19
.abs_section_18                    1   N/I       0x18       0x18   .absSeg20
.abs_section_19                    1   N/I       0x19       0x19   .absSeg21
.abs_section_1c                    1   N/I       0x1C       0x1C   .absSeg22
.abs_section_20                    1   N/I       0x20       0x20   .absSeg23
.abs_section_25                    1   N/I       0x25       0x25   .absSeg24
.abs_section_28                    1   N/I       0x28       0x28   .absSeg25
.abs_section_2b                    1   N/I       0x2B       0x2B   .absSeg26
.abs_section_2e                    1   N/I       0x2E       0x2E   .absSeg27
.abs_section_31                    1   N/I       0x31       0x31   .absSeg28
.abs_section_34                    1   N/I       0x34       0x34   .absSeg29
.abs_section_3a                    1   N/I       0x3A       0x3A   .absSeg30
.abs_section_3b                    1   N/I       0x3B       0x3B   .absSeg31
.abs_section_3c                    1   N/I       0x3C       0x3C   .absSeg32
.abs_section_3d                    1   N/I       0x3D       0x3D   .absSeg33
.abs_section_3e                    1   N/I       0x3E       0x3E   .absSeg34
.abs_section_3f                    1   N/I       0x3F       0x3F   .absSeg35
.abs_section_42                    1   N/I       0x42       0x42   .absSeg36
.abs_section_43                    1   N/I       0x43       0x43   .absSeg37
.abs_section_44                    1   N/I       0x44       0x44   .absSeg38
.abs_section_45                    1   N/I       0x45       0x45   .absSeg39
.abs_section_46                    1   N/I       0x46       0x46   .absSeg40
.abs_section_47                    1   N/I       0x47       0x47   .absSeg41
.abs_section_48                    1   N/I       0x48       0x48   .absSeg42
.abs_section_49                    1   N/I       0x49       0x49   .absSeg43
.abs_section_4a                    1   N/I       0x4A       0x4A   .absSeg44
.abs_section_4b                    1   N/I       0x4B       0x4B   .absSeg45
.abs_section_4c                    1   N/I       0x4C       0x4C   .absSeg46
.abs_section_50                    1   N/I       0x50       0x50   .absSeg47
.abs_section_51                    1   N/I       0x51       0x51   .absSeg48
.abs_section_52                    1   N/I       0x52       0x52   .absSeg49
.abs_section_53                    1   N/I       0x53       0x53   .absSeg50
.abs_section_55                    1   N/I       0x55       0x55   .absSeg51
.abs_section_58                    1   N/I       0x58       0x58   .absSeg52
.abs_section_59                    1   N/I       0x59       0x59   .absSeg53
.abs_section_5a                    1   N/I       0x5A       0x5A   .absSeg54
.abs_section_5b                    1   N/I       0x5B       0x5B   .absSeg55
.abs_section_5c                    1   N/I       0x5C       0x5C   .absSeg56
.abs_section_5d                    1   N/I       0x5D       0x5D   .absSeg57
.abs_section_60                    1   N/I       0x60       0x60   .absSeg58
.abs_section_65                    1   N/I       0x65       0x65   .absSeg59
.abs_section_68                    1   N/I       0x68       0x68   .absSeg60
.abs_section_6c                    1   N/I       0x6C       0x6C   .absSeg61
.abs_section_6d                    1   N/I       0x6D       0x6D   .absSeg62
.abs_section_6e                    1   N/I       0x6E       0x6E   .absSeg63
.abs_section_1800                  1   N/I     0x1800     0x1800   .absSeg64
.abs_section_1801                  1   N/I     0x1801     0x1801   .absSeg65
.abs_section_1802                  1   N/I     0x1802     0x1802   .absSeg66
.abs_section_1803                  1   N/I     0x1803     0x1803   .absSeg67
.abs_section_1809                  1   N/I     0x1809     0x1809   .absSeg68
.abs_section_180a                  1   N/I     0x180A     0x180A   .absSeg69
.abs_section_1816                  1   N/I     0x1816     0x1816   .absSeg70
.abs_section_1817                  1   N/I     0x1817     0x1817   .absSeg71
.abs_section_1818                  1   N/I     0x1818     0x1818   .absSeg72
.abs_section_1820                  1   N/I     0x1820     0x1820   .absSeg73
.abs_section_1821                  1   N/I     0x1821     0x1821   .absSeg74
.abs_section_1823                  1   N/I     0x1823     0x1823   .absSeg75
.abs_section_1824                  1   N/I     0x1824     0x1824   .absSeg76
.abs_section_1825                  1   N/I     0x1825     0x1825   .absSeg77
.abs_section_1826                  1   N/I     0x1826     0x1826   .absSeg78
.abs_section_1840                  1   N/I     0x1840     0x1840   .absSeg79
.abs_section_1841                  1   N/I     0x1841     0x1841   .absSeg80
.abs_section_1842                  1   N/I     0x1842     0x1842   .absSeg81
.abs_section_1844                  1   N/I     0x1844     0x1844   .absSeg82
.abs_section_1845                  1   N/I     0x1845     0x1845   .absSeg83
.abs_section_1846                  1   N/I     0x1846     0x1846   .absSeg84
.abs_section_1848                  1   N/I     0x1848     0x1848   .absSeg85
.abs_section_1849                  1   N/I     0x1849     0x1849   .absSeg86
.abs_section_184a                  1   N/I     0x184A     0x184A   .absSeg87
.abs_section_184c                  1   N/I     0x184C     0x184C   .absSeg88
.abs_section_184d                  1   N/I     0x184D     0x184D   .absSeg89
.abs_section_184e                  1   N/I     0x184E     0x184E   .absSeg90
.abs_section_1850                  1   N/I     0x1850     0x1850   .absSeg91
.abs_section_1851                  1   N/I     0x1851     0x1851   .absSeg92
.abs_section_1852                  1   N/I     0x1852     0x1852   .absSeg93
.abs_section_1858                  1   N/I     0x1858     0x1858   .absSeg94
.abs_section_1859                  1   N/I     0x1859     0x1859   .absSeg95
.abs_section_185a                  1   N/I     0x185A     0x185A   .absSeg96
.abs_section_185c                  1   N/I     0x185C     0x185C   .absSeg97
.abs_section_185d                  1   N/I     0x185D     0x185D   .absSeg98
.abs_section_185e                  1   N/I     0x185E     0x185E   .absSeg99
.abs_section_1860                  1   N/I     0x1860     0x1860   .absSeg100
.abs_section_1861                  1   N/I     0x1861     0x1861   .absSeg101
.abs_section_1862                  1   N/I     0x1862     0x1862   .absSeg102
.abs_section_1868                  1   N/I     0x1868     0x1868   .absSeg103
.abs_section_1869                  1   N/I     0x1869     0x1869   .absSeg104
.abs_section_186a                  1   N/I     0x186A     0x186A   .absSeg105
.abs_section_1870                  1   N/I     0x1870     0x1870   .absSeg106
.abs_section_1871                  1   N/I     0x1871     0x1871   .absSeg107
.abs_section_1872                  1   N/I     0x1872     0x1872   .absSeg108
.abs_section_1880                  1   N/I     0x1880     0x1880   .absSeg109
.abs_section_1881                  1   N/I     0x1881     0x1881   .absSeg110
.abs_section_1882                  1   N/I     0x1882     0x1882   .absSeg111
.abs_section_1883                  1   N/I     0x1883     0x1883   .absSeg112
.abs_section_1884                  1   N/I     0x1884     0x1884   .absSeg113
.abs_section_1885                  1   N/I     0x1885     0x1885   .absSeg114
.abs_section_1886                  1   N/I     0x1886     0x1886   .absSeg115
.abs_section_1887                  1   N/I     0x1887     0x1887   .absSeg116
.abs_section_1888                  1   N/I     0x1888     0x1888   .absSeg117
.abs_section_1889                  1   N/I     0x1889     0x1889   .absSeg118
.abs_section_188a                  1   N/I     0x188A     0x188A   .absSeg119
.abs_section_188b                  1   N/I     0x188B     0x188B   .absSeg120
.abs_section_188d                  1   N/I     0x188D     0x188D   .absSeg121
.abs_section_188e                  1   N/I     0x188E     0x188E   .absSeg122
.abs_section_188f                  1   N/I     0x188F     0x188F   .absSeg123
.abs_section_1890                  1   N/I     0x1890     0x1890   .absSeg124
.abs_section_1891                  1   N/I     0x1891     0x1891   .absSeg125
.abs_section_1892                  1   N/I     0x1892     0x1892   .absSeg126
.abs_section_1893                  1   N/I     0x1893     0x1893   .absSeg127
.abs_section_1894                  1   N/I     0x1894     0x1894   .absSeg128
.abs_section_1895                  1   N/I     0x1895     0x1895   .absSeg129
.abs_section_1896                  1   N/I     0x1896     0x1896   .absSeg130
.abs_section_1897                  1   N/I     0x1897     0x1897   .absSeg131
.abs_section_1898                  1   N/I     0x1898     0x1898   .absSeg132
.abs_section_1899                  1   N/I     0x1899     0x1899   .absSeg133
.abs_section_189a                  1   N/I     0x189A     0x189A   .absSeg134
.abs_section_189b                  1   N/I     0x189B     0x189B   .absSeg135
.abs_section_189c                  1   N/I     0x189C     0x189C   .absSeg136
.abs_section_189d                  1   N/I     0x189D     0x189D   .absSeg137
.abs_section_189e                  1   N/I     0x189E     0x189E   .absSeg138
.abs_section_189f                  1   N/I     0x189F     0x189F   .absSeg139
.abs_section_18a4                  1   N/I     0x18A4     0x18A4   .absSeg140
.abs_section_18a5                  1   N/I     0x18A5     0x18A5   .absSeg141
.abs_section_18a6                  1   N/I     0x18A6     0x18A6   .absSeg142
.abs_section_18a7                  1   N/I     0x18A7     0x18A7   .absSeg143
.abs_section_18a8                  1   N/I     0x18A8     0x18A8   .absSeg144
.abs_section_18a9                  1   N/I     0x18A9     0x18A9   .absSeg145
.abs_section_18aa                  1   N/I     0x18AA     0x18AA   .absSeg146
.abs_section_18ab                  1   N/I     0x18AB     0x18AB   .absSeg147
.abs_section_18ac                  1   N/I     0x18AC     0x18AC   .absSeg148
.abs_section_18b4                  1   N/I     0x18B4     0x18B4   .absSeg149
.abs_section_18b5                  1   N/I     0x18B5     0x18B5   .absSeg150
.abs_section_18b6                  1   N/I     0x18B6     0x18B6   .absSeg151
.abs_section_18b7                  1   N/I     0x18B7     0x18B7   .absSeg152
.abs_section_18b8                  1   N/I     0x18B8     0x18B8   .absSeg153
.abs_section_18b9                  1   N/I     0x18B9     0x18B9   .absSeg154
.abs_section_18ba                  1   N/I     0x18BA     0x18BA   .absSeg155
.abs_section_18bb                  1   N/I     0x18BB     0x18BB   .absSeg156
.abs_section_18bc                  1   N/I     0x18BC     0x18BC   .absSeg157
.abs_section_18bd                  1   N/I     0x18BD     0x18BD   .absSeg158
.abs_section_12                    2   N/I       0x12       0x13   .absSeg159
.abs_section_14                    2   N/I       0x14       0x15   .absSeg160
.abs_section_21                    2   N/I       0x21       0x22   .absSeg161
.abs_section_23                    2   N/I       0x23       0x24   .absSeg162
.abs_section_26                    2   N/I       0x26       0x27   .absSeg163
.abs_section_29                    2   N/I       0x29       0x2A   .absSeg164
.abs_section_2c                    2   N/I       0x2C       0x2D   .absSeg165
.abs_section_2f                    2   N/I       0x2F       0x30   .absSeg166
.abs_section_32                    2   N/I       0x32       0x33   .absSeg167
.abs_section_35                    2   N/I       0x35       0x36   .absSeg168
.abs_section_38                    2   N/I       0x38       0x39   .absSeg169
.abs_section_40                    2   N/I       0x40       0x41   .absSeg170
.abs_section_61                    2   N/I       0x61       0x62   .absSeg171
.abs_section_63                    2   N/I       0x63       0x64   .absSeg172
.abs_section_66                    2   N/I       0x66       0x67   .absSeg173
.abs_section_69                    2   N/I       0x69       0x6A   .absSeg174
.abs_section_1806                  2   N/I     0x1806     0x1807   .absSeg175
.abs_section_1810                  2   N/I     0x1810     0x1811   .absSeg176
.abs_section_1812                  2   N/I     0x1812     0x1813   .absSeg177
.abs_section_1814                  2   N/I     0x1814     0x1815   .absSeg178
.abs_section_18ae                  2   N/I     0x18AE     0x18AF   .absSeg179
.abs_section_18be                  2   N/I     0x18BE     0x18BF   .absSeg180
.abs_section_18a0                  4   N/I     0x18A0     0x18A3   .absSeg181
.abs_section_18b0                 14   N/I     0x18B0     0x18BD   .absSeg184
.abs_section_1070                  2   N/I     0x1070     0x1071   .absSeg183
.abs_section_ffbd                  1     R     0xFFBD     0xFFBD   .absSeg185
.abs_section_ffbf                  1     R     0xFFBF     0xFFBF   .absSeg186
.bss                              66   R/W      0x101      0x142   RAM
.common                          638   R/W      0x143      0x3C0   RAM
.stack                          1024   R/W      0x3C1      0x7C0   RAM
.vectSeg187_vect                  64     R     0xFFC0     0xFFFF   .vectSeg187

Summary of section sizes per section type:
READ_ONLY (R):        178D (dec:     6029)
READ_WRITE (R/W):      6C1 (dec:     1729)
NO_INIT (N/I):          DF (dec:      223)

*********************************************************************************************
VECTOR-ALLOCATION SECTION
    Address     InitValue   InitFunction
---------------------------------------------------------------------------------------------
     0xFFC0        0x25BC   fault_isr
     0xFFC2        0x25BC   fault_isr
     0xFFC4        0x25BC   fault_isr
     0xFFC6        0x29E4   mscan_rx_isr
     0xFFC8        0x25BC   fault_isr
     0xFFCA        0x25BC   fault_isr
     0xFFCC        0x26AF   rtc_isr
     0xFFCE        0x25BC   fault_isr
     0xFFD0        0x25BC   fault_isr
     0xFFD2        0x25BC   fault_isr
     0xFFD4        0x25BC   fault_isr
     0xFFD6        0x25BC   fault_isr
     0xFFD8        0x25BC   fault_isr
     0xFFDA        0x25BC   fault_isr
     0xFFDC        0x25BC   fault_isr
     0xFFDE        0x25BC   fault_isr
     0xFFE0        0x25BC   fault_isr
     0xFFE2        0x25BC   fault_isr
     0xFFE4        0x25BC   fault_isr
     0xFFE6        0x25BC   fault_isr
     0xFFE8        0x25BC   fault_isr
     0xFFEA        0x25BC   fault_isr
     0xFFEC        0x25BC   fault_isr
     0xFFEE        0x25BC   fault_isr
     0xFFF0        0x25BC   fault_isr
     0xFFF2        0x25BC   fault_isr
     0xFFF4        0x25BC   fault_isr
     0xFFF6        0x25BC   fault_isr
     0xFFF8        0x25DF   lvw_isr
     0xFFFA        0x25BC   fault_isr
     0xFFFC        0x25BC   fault_isr
     0xFFFE        0x197B   _Startup

*********************************************************************************************
OBJECT-ALLOCATION SECTION
     Name               Module                 Addr   hSize   dSize     Ref    Section   RLIB
---------------------------------------------------------------------------------------------
MODULE:                 -- EMBEDDED.C.o (ansiis.lib) --
- PROCEDURES:
     printf                                    1CE5      1C      28      18   .text       
- VARIABLES:
MODULE:                 -- PRINTF.C.o (ansiis.lib) --
- PROCEDURES:
     vprintf                                   1D01     5AA    1450      37   .text       
     _out                                      22AB       D      13       9   .text       
     set_printf                                22B8       C      12       1   .text       
- VARIABLES:
     pow10                                     1992      28      40       4   .rodata     
     pow16                                     19BA      20      32       4   .rodata     
     pow8                                      19DA      2C      44       4   .rodata     
     pbuf                                       101       6       6      12   .bss        
MODULE:                 -- RTSHC08.C.o (ansiis.lib) --
- PROCEDURES:
     _PUSH_ARGS_L                              22C4      20      32       2   .text       
     _ENTER_UNARY_L                            22E4      29      41       4   .text       
     _ENTER_BINARY_L                           230D      16      22       2   .text       
     _ENTER_BINARY_L_RC                        2323      19      25       1   .text       
     _IDIVMOD                                  233C      69     105       1   .text       
     _LSUB_k_is_k_minus_j                      23A5      1F      31       1   .text       
     _LCMP_k_rel_j                             23C4      1F      31       2   .text       
     _IMUL_STAR08                              23E3      27      39       2   .text       
     _IDIVU_STAR08                             240A       D      13       4   .text       
     _IDIVU_8                                  2417       E      14       2   .text       
     _ILSR                                     2425       C      12       1   .text       
     _LINC                                     2431      16      22       2   .text       
     _LDEC                                     2447      1C      28       1   .text       
     _LNEG                                     2463      1C      28       1   .text       
     _LSUB                                     247F       6       6       1   .text       
     _LLSR                                     2485      16      22       4   .text       
     _LCMP                                     249B       6       6       4   .text       
     _LCMP_RC                                  24A1       6       6       1   .text       
     _COPY                                     24A7      30      48       5   .text       
     _COPY_L                                   24D7      39      57       1   .text       
     _POP32                                    2510      1A      26       8   .text       
     _SEXT16_32                                252A       D      13       3   .text       
     _Jump_Table_Addr                          2537      16      22       1   .text       
     _Search_Table_8_Addr                      254D      21      33       1   .text       
     _Search_Table_8_Offset                    256E      25      37       1   .text       
- VARIABLES:
MODULE:                 -- MC9S08DZ60.C.o --
- PROCEDURES:
- VARIABLES:
     _PTAD                                        0       1       1       0   .abs_section_0
     _PTADD                                       1       1       1       1   .abs_section_1
     _PTBD                                        2       1       1       0   .abs_section_2
     _PTBDD                                       3       1       1       1   .abs_section_3
     _PTCD                                        4       1       1       0   .abs_section_4
     _PTCDD                                       5       1       1       1   .abs_section_5
     _PTDD                                        6       1       1      14   .abs_section_6
     _PTDDD                                       7       1       1       3   .abs_section_7
     _PTED                                        8       1       1       0   .abs_section_8
     _PTEDD                                       9       1       1       1   .abs_section_9
     _PTFD                                        A       1       1       0   .abs_section_a
     _PTFDD                                       B       1       1       1   .abs_section_b
     _PTGD                                        C       1       1       0   .abs_section_c
     _PTGDD                                       D       1       1       1   .abs_section_d
     _ACMP1SC                                     E       1       1       0   .abs_section_e
     _ACMP2SC                                     F       1       1       0   .abs_section_f
     _ADCSC1                                     10       1       1       0   .abs_section_10
     _ADCSC2                                     11       1       1       0   .abs_section_11
     _ADCCFG                                     16       1       1       0   .abs_section_16
     _APCTL1                                     17       1       1       0   .abs_section_17
     _APCTL2                                     18       1       1       0   .abs_section_18
     _APCTL3                                     19       1       1       0   .abs_section_19
     _IRQSC                                      1C       1       1       0   .abs_section_1c
     _TPM1SC                                     20       1       1       0   .abs_section_20
     _TPM1C0SC                                   25       1       1       0   .abs_section_25
     _TPM1C1SC                                   28       1       1       0   .abs_section_28
     _TPM1C2SC                                   2B       1       1       0   .abs_section_2b
     _TPM1C3SC                                   2E       1       1       0   .abs_section_2e
     _TPM1C4SC                                   31       1       1       0   .abs_section_31
     _TPM1C5SC                                   34       1       1       0   .abs_section_34
     _SCI1C1                                     3A       1       1       1   .abs_section_3a
     _SCI1C2                                     3B       1       1       2   .abs_section_3b
     _SCI1S1                                     3C       1       1       2   .abs_section_3c
     _SCI1S2                                     3D       1       1       1   .abs_section_3d
     _SCI1C3                                     3E       1       1       1   .abs_section_3e
     _SCI1D                                      3F       1       1       2   .abs_section_3f
     _SCI2C1                                     42       1       1       0   .abs_section_42
     _SCI2C2                                     43       1       1       0   .abs_section_43
     _SCI2S1                                     44       1       1       0   .abs_section_44
     _SCI2S2                                     45       1       1       0   .abs_section_45
     _SCI2C3                                     46       1       1       0   .abs_section_46
     _SCI2D                                      47       1       1       0   .abs_section_47
     _MCGC1                                      48       1       1       3   .abs_section_48
     _MCGC2                                      49       1       1       3   .abs_section_49
     _MCGTRM                                     4A       1       1       1   .abs_section_4a
     _MCGSC                                      4B       1       1       7   .abs_section_4b
     _MCGC3                                      4C       1       1       1   .abs_section_4c
     _SPIC1                                      50       1       1       1   .abs_section_50
     _SPIC2                                      51       1       1       1   .abs_section_51
     _SPIBR                                      52       1       1       1   .abs_section_52
     _SPIS                                       53       1       1       0   .abs_section_53
     _SPID                                       55       1       1       0   .abs_section_55
     _IICA                                       58       1       1       0   .abs_section_58
     _IICF                                       59       1       1       0   .abs_section_59
     _IICC1                                      5A       1       1       0   .abs_section_5a
     _IICS                                       5B       1       1       0   .abs_section_5b
     _IICD                                       5C       1       1       0   .abs_section_5c
     _IICC2                                      5D       1       1       0   .abs_section_5d
     _TPM2SC                                     60       1       1       0   .abs_section_60
     _TPM2C0SC                                   65       1       1       0   .abs_section_65
     _TPM2C1SC                                   68       1       1       0   .abs_section_68
     _RTCSC                                      6C       1       1       2   .abs_section_6c
     _RTCCNT                                     6D       1       1       0   .abs_section_6d
     _RTCMOD                                     6E       1       1       1   .abs_section_6e
     _SRS                                      1800       1       1       5   .abs_section_1800
     _SBDFR                                    1801       1       1       0   .abs_section_1801
     _SOPT1                                    1802       1       1       1   .abs_section_1802
     _SOPT2                                    1803       1       1       1   .abs_section_1803
     _SPMSC1                                   1809       1       1       2   .abs_section_1809
     _SPMSC2                                   180A       1       1       1   .abs_section_180a
     _DBGC                                     1816       1       1       0   .abs_section_1816
     _DBGT                                     1817       1       1       0   .abs_section_1817
     _DBGS                                     1818       1       1       0   .abs_section_1818
     _FCDIV                                    1820       1       1       0   .abs_section_1820
     _FOPT                                     1821       1       1       0   .abs_section_1821
     _FCNFG                                    1823       1       1       0   .abs_section_1823
     _FPROT                                    1824       1       1       0   .abs_section_1824
     _FSTAT                                    1825       1       1       0   .abs_section_1825
     _FCMD                                     1826       1       1       0   .abs_section_1826
     _PTAPE                                    1840       1       1       1   .abs_section_1840
     _PTASE                                    1841       1       1       1   .abs_section_1841
     _PTADS                                    1842       1       1       1   .abs_section_1842
     _PTASC                                    1844       1       1       0   .abs_section_1844
     _PTAPS                                    1845       1       1       0   .abs_section_1845
     _PTAES                                    1846       1       1       0   .abs_section_1846
     _PTBPE                                    1848       1       1       1   .abs_section_1848
     _PTBSE                                    1849       1       1       1   .abs_section_1849
     _PTBDS                                    184A       1       1       1   .abs_section_184a
     _PTBSC                                    184C       1       1       0   .abs_section_184c
     _PTBPS                                    184D       1       1       0   .abs_section_184d
     _PTBES                                    184E       1       1       0   .abs_section_184e
     _PTCPE                                    1850       1       1       1   .abs_section_1850
     _PTCSE                                    1851       1       1       1   .abs_section_1851
     _PTCDS                                    1852       1       1       1   .abs_section_1852
     _PTDPE                                    1858       1       1       2   .abs_section_1858
     _PTDSE                                    1859       1       1       1   .abs_section_1859
     _PTDDS                                    185A       1       1       1   .abs_section_185a
     _PTDSC                                    185C       1       1       0   .abs_section_185c
     _PTDPS                                    185D       1       1       0   .abs_section_185d
     _PTDES                                    185E       1       1       0   .abs_section_185e
     _PTEPE                                    1860       1       1       1   .abs_section_1860
     _PTESE                                    1861       1       1       1   .abs_section_1861
     _PTEDS                                    1862       1       1       1   .abs_section_1862
     _PTFPE                                    1868       1       1       1   .abs_section_1868
     _PTFSE                                    1869       1       1       1   .abs_section_1869
     _PTFDS                                    186A       1       1       1   .abs_section_186a
     _PTGPE                                    1870       1       1       1   .abs_section_1870
     _PTGSE                                    1871       1       1       1   .abs_section_1871
     _PTGDS                                    1872       1       1       1   .abs_section_1872
     _CANCTL0                                  1880       1       1       3   .abs_section_1880
     _CANCTL1                                  1881       1       1       4   .abs_section_1881
     _CANBTR0                                  1882       1       1       4   .abs_section_1882
     _CANBTR1                                  1883       1       1       1   .abs_section_1883
     _CANRFLG                                  1884       1       1       1   .abs_section_1884
     _CANRIER                                  1885       1       1       2   .abs_section_1885
     _CANTFLG                                  1886       1       1       2   .abs_section_1886
     _CANTIER                                  1887       1       1       2   .abs_section_1887
     _CANTARQ                                  1888       1       1       0   .abs_section_1888
     _CANTAAK                                  1889       1       1       0   .abs_section_1889
     _CANTBSEL                                 188A       1       1       1   .abs_section_188a
     _CANIDAC                                  188B       1       1       4   .abs_section_188b
     _CANMISC                                  188D       1       1       0   .abs_section_188d
     _CANRXERR                                 188E       1       1       0   .abs_section_188e
     _CANTXERR                                 188F       1       1       0   .abs_section_188f
     _CANIDAR0                                 1890       1       1       1   .abs_section_1890
     _CANIDAR1                                 1891       1       1       1   .abs_section_1891
     _CANIDAR2                                 1892       1       1       1   .abs_section_1892
     _CANIDAR3                                 1893       1       1       1   .abs_section_1893
     _CANIDMR0                                 1894       1       1       1   .abs_section_1894
     _CANIDMR1                                 1895       1       1       1   .abs_section_1895
     _CANIDMR2                                 1896       1       1       1   .abs_section_1896
     _CANIDMR3                                 1897       1       1       1   .abs_section_1897
     _CANIDAR4                                 1898       1       1       1   .abs_section_1898
     _CANIDAR5                                 1899       1       1       1   .abs_section_1899
     _CANIDAR6                                 189A       1       1       1   .abs_section_189a
     _CANIDAR7                                 189B       1       1       1   .abs_section_189b
     _CANIDMR4                                 189C       1       1       1   .abs_section_189c
     _CANIDMR5                                 189D       1       1       1   .abs_section_189d
     _CANIDMR6                                 189E       1       1       1   .abs_section_189e
     _CANIDMR7                                 189F       1       1       1   .abs_section_189f
     _CANRDSR0                                 18A4       1       1       0   .abs_section_18a4
     _CANRDSR1                                 18A5       1       1       0   .abs_section_18a5
     _CANRDSR2                                 18A6       1       1       0   .abs_section_18a6
     _CANRDSR3                                 18A7       1       1       0   .abs_section_18a7
     _CANRDSR4                                 18A8       1       1       0   .abs_section_18a8
     _CANRDSR5                                 18A9       1       1       0   .abs_section_18a9
     _CANRDSR6                                 18AA       1       1       0   .abs_section_18aa
     _CANRDSR7                                 18AB       1       1       0   .abs_section_18ab
     _CANRDLR                                  18AC       1       1       0   .abs_section_18ac
     _CANTDSR0                                 18B4       1       1       0   .abs_section_18b4
     _CANTDSR1                                 18B5       1       1       0   .abs_section_18b5
     _CANTDSR2                                 18B6       1       1       0   .abs_section_18b6
     _CANTDSR3                                 18B7       1       1       0   .abs_section_18b7
     _CANTDSR4                                 18B8       1       1       0   .abs_section_18b8
     _CANTDSR5                                 18B9       1       1       0   .abs_section_18b9
     _CANTDSR6                                 18BA       1       1       0   .abs_section_18ba
     _CANTDSR7                                 18BB       1       1       0   .abs_section_18bb
     _CANTDLR                                  18BC       1       1       0   .abs_section_18bc
     _CANTTBPR                                 18BD       1       1       0   .abs_section_18bd
     _ADCR                                       12       2       2       0   .abs_section_12
     _ADCCV                                      14       2       2       0   .abs_section_14
     _TPM1CNT                                    21       2       2       0   .abs_section_21
     _TPM1MOD                                    23       2       2       0   .abs_section_23
     _TPM1C0V                                    26       2       2       0   .abs_section_26
     _TPM1C1V                                    29       2       2       0   .abs_section_29
     _TPM1C2V                                    2C       2       2       0   .abs_section_2c
     _TPM1C3V                                    2F       2       2       0   .abs_section_2f
     _TPM1C4V                                    32       2       2       0   .abs_section_32
     _TPM1C5V                                    35       2       2       0   .abs_section_35
     _SCI1BD                                     38       2       2       2   .abs_section_38
     _SCI2BD                                     40       2       2       0   .abs_section_40
     _TPM2CNT                                    61       2       2       0   .abs_section_61
     _TPM2MOD                                    63       2       2       0   .abs_section_63
     _TPM2C0V                                    66       2       2       0   .abs_section_66
     _TPM2C1V                                    69       2       2       0   .abs_section_69
     _SDID                                     1806       2       2       0   .abs_section_1806
     _DBGCA                                    1810       2       2       0   .abs_section_1810
     _DBGCB                                    1812       2       2       0   .abs_section_1812
     _DBGF                                     1814       2       2       0   .abs_section_1814
     _CANRTSR                                  18AE       2       2       0   .abs_section_18ae
     _CANTTSR                                  18BE       2       2       0   .abs_section_18be
     _CANRIDR                                  18A0       4       4       0   .abs_section_18a0
     _CANTIDR                                  18B0       4       4       0   .abs_section_18b0
MODULE:                 -- Start08.c.o --
- PROCEDURES:
     loadByte                                  1900       E      14       5   .init       
     Init                                      190E      6D     109       1   .init       
     _Startup                                  197B       9       9       0   .init       
- VARIABLES:
     _startupData                              1984       6       6       4   .startData  
- LABELS:
     __SEG_END_SSTACK                           7C1       0       0       1               
MODULE:                 -- main.c.o --
- PROCEDURES:
     main                                      2593      29      41       1   .text       
- VARIABLES:
     STRING.....start.up..d.for..1             1B95      1C      28       1   .rodata1    
     n                                         1070       2       2       3   .abs_section_1070
MODULE:                 -- mcu.c.o --
- PROCEDURES:
     fault_isr                                 25BC       F      15       0   .text       
     init_write_once                           25CB      14      20       1   .text       
     lvw_isr                                   25DF      55      85       0   .text       
     init_xtal                                 2634      72     114       1   .text       
     init_watchdog                             26A6       9       9       1   .text       
     rtc_isr                                   26AF      54      84       0   .text       
     init_tick                                 2703      1B      27       1   .text       
     bit_clr                                   271E       E      14       2   .text       
     bit_set                                   272C       8       8       3   .text       
     init_pins                                 2734      D0     208       1   .text       
     init_sci                                  2804      21      33       1   .text       
     TERMIO_PutChar                            2825       A      10       1   .text       
     init                                      282F      14      20       1   .text       
     feed_watch_dog                            2843       9       9       7   .text       
     delay_ms                                  284C      31      49       3   .text       
     halt                                      287D       4       4       1   .text       
     pin_high                                  2881      30      48      10   .text       
     pin_low                                   28B1      30      48       7   .text       
     mscan_init                                28E1      C7     199       2   .text       
     mscan_reset                               29A8      12      18       1   .text       
     mscan_xmit                                29BA      2A      42       1   .text       
     mscan_rx_isr                              29E4      14      20       0   .text       
     spi_reset                                 29F8       A      10       1   .text       
     adc_reset                                 2A02       4       4       1   .text       
- VARIABLES:
     pin_cfg                                   1A06      4E      78      11   .rodata     
     STRING.fault.isr...1                      1BB1       C      12       1   .rodata1    
     STRING.lvw_dis..d...2                     1BBD       D      13       1   .rodata1    
     STRING.lvw..u...3                         1BCA       9       9       1   .rodata1    
     STRING.uart.init.done...5                 1BD3      11      17       1   .rodata1    
     lvw_dis                                    100       1       1       3   .data       
     cnt.4                                      107       1       1       3   .bss        
     mscan_txframe                             18B0       E      14       1   .abs_section_18b0
     tick                                       143       4       4       5   .common     
     dec_tick                                   147       4       4      12   .common     
     rtc_sec                                    14B       4       4       4   .common     
MODULE:                 -- MCUinit.c.o --
- PROCEDURES:
- VARIABLES:
     NVPROT_INIT                               FFBD       1       1       0   .abs_section_ffbd
     NVOPT_INIT                                FFBF       1       1       0   .abs_section_ffbf
MODULE:                 -- test.c.o --
- PROCEDURES:
     test                                      2A06       1       1       1   .text       
- VARIABLES:
MODULE:                 -- can.c.o --
- PROCEDURES:
     can_init                                  2A07      41      65       2   .text       
     can_reset                                 2A48       D      13       2   .text       
     can_xmit                                  2A55      10      16       3   .text       
     mscan_rxcb                                2A65       6       6       2   .text       
     can_down_frame                            2A6B      E3     227       1   .text       
- VARIABLES:
     can                                        108      1D      29       3   .bss        
MODULE:                 -- ltc6802.c.o --
- PROCEDURES:
     ltc6802_reset                             2B4E       F      15       1   .text       
- VARIABLES:
MODULE:                 -- bmu.c.o --
- PROCEDURES:
     lf_nBmuLoad                               2B5D      38      56       1   .text       
     lf_eBmuRunConfig                          2B95      2A      42       1   .text       
     lf_eBmuRunNormal                          2BBF      55      85       1   .text       
     gf_vBmuMain                               2C14      62      98       1   .text       
     gf_vCanRxcb                               2C76      1B      27       1   .text       
     lf_fanStatusLow                           2C91      6E     110       1   .text       
     lf_fanStatusHigh                          2CFF      6E     110       1   .text       
- VARIABLES:
     STRING.lf_nBmuLoad.....1                  1BE4      10      16       1   .rodata1    
     STRING....OK..lf_nBmuLoad...2             1BF4      15      21       1   .rodata1    
     STRING.lf_eBmuRunConfig.....3             1C09      15      21       1   .rodata1    
     STRING....End..lf_eBmuRunCo.4             1C1E      1B      27       1   .rodata1    
     STRING.lf_eBmuRunNormal.....5             1C39      15      21       1   .rodata1    
     STRING....End..lf_eBmuRunNo.6             1C4E      1B      27       1   .rodata1    
     STRING.bmu_main.....8                     1C69       D      13       1   .rodata1    
     STRING....Start.Mode...d...9              1C76      14      20       1   .rodata1    
     lv_sBmu                                    14F       2       2       8   .common     
     mscan_rxframe                              125      10      16       2   .bss        
MODULE:                 -- wx.c.o --
- PROCEDURES:
     wx_init                                   2D6D      1B      27       1   .text       
     wx_reset                                  2D88       3       3       1   .text       
     wx_crx_save                               2D8B      65     101       1   .text       
     wx_sync                                   2DF0      52      82       1   .text       
     wx_ctx                                    2E42      7B     123       1   .text       
     Fir_pro                                   2EBD      42      66       1   .text       
- VARIABLES:
     cnt.1                                      135       1       1       3   .bss        
     Firdata                                    136       C      12      19   .bss        
     F_index                                    142       1       1       2   .bss        
     wx                                         151      27      39      15   .common     
MODULE:                 -- vs.c.o --
- PROCEDURES:
     vs_reset                                  2EFF      20      32       1   .text       
- VARIABLES:
MODULE:                 -- ts.c.o --
- PROCEDURES:
     ts_reset                                  2F1F       3       3       1   .text       
- VARIABLES:
MODULE:                 -- bal.c.o --
- PROCEDURES:
     bal_reset                                 2F22       1       1       1   .text       
- VARIABLES:
MODULE:                 -- mng.c.o --
- PROCEDURES:
     mng_crx_save                              2F23      20      32       1   .text       
     mng_crx_proc                              2F43      61      97       1   .text       
     mng_init                                  2FA4      17      23       1   .text       
     mng_reset                                 2FBB       3       3       1   .text       
- VARIABLES:
     mng                                        178      2A      42      16   .common     
MODULE:                 -- cal.c.o --
- PROCEDURES:
     cal_reset                                 2FBE       1       1       1   .text       
- VARIABLES:
     cal                                        1A2      DC     220       5   .common     
MODULE:                 -- pi.c.o --
- PROCEDURES:
     lf_nPILoad                                2FBF      18      24       1   .text       
     gf_nPIInit                                2FD7      12      18       1   .text       
     gf_nPILoad                                2FE9      25      37       1   .text       
- VARIABLES:
     lc_sPIDefault                             1A54      18      24       1   .rodata     
     STRING.gf_nPIInit.....11                  1C8A       F      15       1   .rodata1    
     STRING.gf_nPILoad.....12                  1C99       F      15       1   .rodata1    
     STRING....OK..PI.Loaded...d.13            1CA8      17      23       1   .rodata1    
     lv_sPI                                     27E       1       1       2   .common     
     gv_sPI                                     27F      18      24       2   .common     
MODULE:                 -- sc.c.o --
- PROCEDURES:
     gf_nSCInit                                300E      12      18       1   .text       
     gf_nSCLoad                                3020      24      36       1   .text       
- VARIABLES:
     lc_sSCDefault                             1A6C     129     297       1   .rodata     
     STRING.gf_nSCInit.....10                  1CBF       F      15       1   .rodata1    
     STRING....OK..SC.Loaded...d.11            1CCE      17      23       1   .rodata1    
     lv_sSC                                     297       1       1       1   .common     
     gv_sSC                                     298     129     297      18   .common     

*********************************************************************************************
MODULE STATISTIC
  Name                                      Data   Code  Const
---------------------------------------------------------------------------------------------
  EMBEDDED.C.o (ansiis.lib)                    0     28      0
  PRINTF.C.o (ansiis.lib)                      6   1475    116
  RTSHC08.C.o (ansiis.lib)                     0    719      0
  MC9S08DZ60.C.o                             211      0      0
  Start08.c.o                                  0    132      0
  main.c.o                                     2     41     28
  mcu.c.o                                     28   1098    129
  MCUinit.c.o                                  0      0      2
  test.c.o                                     0      1      0
  can.c.o                                     29    327      0
  ltc6802.c.o                                  0     15      0
  bmu.c.o                                     18    528    166
  wx.c.o                                      53    402      0
  vs.c.o                                       0     32      0
  ts.c.o                                       0      3      0
  bal.c.o                                      0      1      0
  mng.c.o                                     42    155      0
  cal.c.o                                    220      1      0
  pi.c.o                                      25     79     77
  sc.c.o                                     298     54    335
  other                                     1024     78      7

*********************************************************************************************
SECTION USE IN OBJECT-ALLOCATION SECTION
---------------------------------------------------------------------------------------------
SECTION: ".text"
  printf vprintf _out set_printf _PUSH_ARGS_L _ENTER_UNARY_L _ENTER_BINARY_L 
  _ENTER_BINARY_L_RC _IDIVMOD _LSUB_k_is_k_minus_j _LCMP_k_rel_j _IMUL_STAR08 
  _IDIVU_STAR08 _IDIVU_8 _ILSR _LINC _LDEC _LNEG _LSUB _LLSR _LCMP _LCMP_RC 
  _COPY _COPY_L _POP32 _SEXT16_32 _Jump_Table_Addr _Search_Table_8_Addr 
  _Search_Table_8_Offset main fault_isr init_write_once lvw_isr init_xtal 
  init_watchdog rtc_isr init_tick bit_clr bit_set init_pins init_sci 
  TERMIO_PutChar init feed_watch_dog delay_ms halt pin_high pin_low mscan_init 
  mscan_reset mscan_xmit mscan_rx_isr spi_reset adc_reset test can_init 
  can_reset can_xmit mscan_rxcb can_down_frame ltc6802_reset lf_nBmuLoad 
  lf_eBmuRunConfig lf_eBmuRunNormal gf_vBmuMain gf_vCanRxcb lf_fanStatusLow 
  lf_fanStatusHigh wx_init wx_reset wx_crx_save wx_sync wx_ctx Fir_pro vs_reset 
  ts_reset bal_reset mng_crx_save mng_crx_proc mng_init mng_reset cal_reset 
  lf_nPILoad gf_nPIInit gf_nPILoad gf_nSCInit gf_nSCLoad 
SECTION: ".data"
  lvw_dis 
SECTION: ".bss"
  pbuf cnt.4 can mscan_rxframe cnt.1 Firdata F_index 
SECTION: ".init"
  loadByte Init _Startup 
SECTION: ".rodata"
  pow10 pow16 pow8 pin_cfg lc_sPIDefault lc_sSCDefault 
SECTION: ".rodata1"
  STRING.....start.up..d.for..1 STRING.fault.isr...1 STRING.lvw_dis..d...2 
  STRING.lvw..u...3 STRING.uart.init.done...5 STRING.lf_nBmuLoad.....1 
  STRING....OK..lf_nBmuLoad...2 STRING.lf_eBmuRunConfig.....3 
  STRING....End..lf_eBmuRunCo.4 STRING.lf_eBmuRunNormal.....5 
  STRING....End..lf_eBmuRunNo.6 STRING.bmu_main.....8 
  STRING....Start.Mode...d...9 STRING.gf_nPIInit.....11 
  STRING.gf_nPILoad.....12 STRING....OK..PI.Loaded...d.13 
  STRING.gf_nSCInit.....10 STRING....OK..SC.Loaded...d.11 
SECTION: ".common"
  tick dec_tick rtc_sec lv_sBmu wx mng cal lv_sPI gv_sPI lv_sSC gv_sSC 
SECTION: ".abs_section_0"
  _PTAD 
SECTION: ".abs_section_1"
  _PTADD 
SECTION: ".abs_section_2"
  _PTBD 
SECTION: ".abs_section_3"
  _PTBDD 
SECTION: ".abs_section_4"
  _PTCD 
SECTION: ".abs_section_5"
  _PTCDD 
SECTION: ".abs_section_6"
  _PTDD 
SECTION: ".abs_section_7"
  _PTDDD 
SECTION: ".abs_section_8"
  _PTED 
SECTION: ".abs_section_9"
  _PTEDD 
SECTION: ".abs_section_a"
  _PTFD 
SECTION: ".abs_section_b"
  _PTFDD 
SECTION: ".abs_section_c"
  _PTGD 
SECTION: ".abs_section_d"
  _PTGDD 
SECTION: ".abs_section_e"
  _ACMP1SC 
SECTION: ".abs_section_f"
  _ACMP2SC 
SECTION: ".abs_section_10"
  _ADCSC1 
SECTION: ".abs_section_11"
  _ADCSC2 
SECTION: ".abs_section_16"
  _ADCCFG 
SECTION: ".abs_section_17"
  _APCTL1 
SECTION: ".abs_section_18"
  _APCTL2 
SECTION: ".abs_section_19"
  _APCTL3 
SECTION: ".abs_section_1c"
  _IRQSC 
SECTION: ".abs_section_20"
  _TPM1SC 
SECTION: ".abs_section_25"
  _TPM1C0SC 
SECTION: ".abs_section_28"
  _TPM1C1SC 
SECTION: ".abs_section_2b"
  _TPM1C2SC 
SECTION: ".abs_section_2e"
  _TPM1C3SC 
SECTION: ".abs_section_31"
  _TPM1C4SC 
SECTION: ".abs_section_34"
  _TPM1C5SC 
SECTION: ".abs_section_3a"
  _SCI1C1 
SECTION: ".abs_section_3b"
  _SCI1C2 
SECTION: ".abs_section_3c"
  _SCI1S1 
SECTION: ".abs_section_3d"
  _SCI1S2 
SECTION: ".abs_section_3e"
  _SCI1C3 
SECTION: ".abs_section_3f"
  _SCI1D 
SECTION: ".abs_section_42"
  _SCI2C1 
SECTION: ".abs_section_43"
  _SCI2C2 
SECTION: ".abs_section_44"
  _SCI2S1 
SECTION: ".abs_section_45"
  _SCI2S2 
SECTION: ".abs_section_46"
  _SCI2C3 
SECTION: ".abs_section_47"
  _SCI2D 
SECTION: ".abs_section_48"
  _MCGC1 
SECTION: ".abs_section_49"
  _MCGC2 
SECTION: ".abs_section_4a"
  _MCGTRM 
SECTION: ".abs_section_4b"
  _MCGSC 
SECTION: ".abs_section_4c"
  _MCGC3 
SECTION: ".abs_section_50"
  _SPIC1 
SECTION: ".abs_section_51"
  _SPIC2 
SECTION: ".abs_section_52"
  _SPIBR 
SECTION: ".abs_section_53"
  _SPIS 
SECTION: ".abs_section_55"
  _SPID 
SECTION: ".abs_section_58"
  _IICA 
SECTION: ".abs_section_59"
  _IICF 
SECTION: ".abs_section_5a"
  _IICC1 
SECTION: ".abs_section_5b"
  _IICS 
SECTION: ".abs_section_5c"
  _IICD 
SECTION: ".abs_section_5d"
  _IICC2 
SECTION: ".abs_section_60"
  _TPM2SC 
SECTION: ".abs_section_65"
  _TPM2C0SC 
SECTION: ".abs_section_68"
  _TPM2C1SC 
SECTION: ".abs_section_6c"
  _RTCSC 
SECTION: ".abs_section_6d"
  _RTCCNT 
SECTION: ".abs_section_6e"
  _RTCMOD 
SECTION: ".abs_section_1800"
  _SRS 
SECTION: ".abs_section_1801"
  _SBDFR 
SECTION: ".abs_section_1802"
  _SOPT1 
SECTION: ".abs_section_1803"
  _SOPT2 
SECTION: ".abs_section_1809"
  _SPMSC1 
SECTION: ".abs_section_180a"
  _SPMSC2 
SECTION: ".abs_section_1816"
  _DBGC 
SECTION: ".abs_section_1817"
  _DBGT 
SECTION: ".abs_section_1818"
  _DBGS 
SECTION: ".abs_section_1820"
  _FCDIV 
SECTION: ".abs_section_1821"
  _FOPT 
SECTION: ".abs_section_1823"
  _FCNFG 
SECTION: ".abs_section_1824"
  _FPROT 
SECTION: ".abs_section_1825"
  _FSTAT 
SECTION: ".abs_section_1826"
  _FCMD 
SECTION: ".abs_section_1840"
  _PTAPE 
SECTION: ".abs_section_1841"
  _PTASE 
SECTION: ".abs_section_1842"
  _PTADS 
SECTION: ".abs_section_1844"
  _PTASC 
SECTION: ".abs_section_1845"
  _PTAPS 
SECTION: ".abs_section_1846"
  _PTAES 
SECTION: ".abs_section_1848"
  _PTBPE 
SECTION: ".abs_section_1849"
  _PTBSE 
SECTION: ".abs_section_184a"
  _PTBDS 
SECTION: ".abs_section_184c"
  _PTBSC 
SECTION: ".abs_section_184d"
  _PTBPS 
SECTION: ".abs_section_184e"
  _PTBES 
SECTION: ".abs_section_1850"
  _PTCPE 
SECTION: ".abs_section_1851"
  _PTCSE 
SECTION: ".abs_section_1852"
  _PTCDS 
SECTION: ".abs_section_1858"
  _PTDPE 
SECTION: ".abs_section_1859"
  _PTDSE 
SECTION: ".abs_section_185a"
  _PTDDS 
SECTION: ".abs_section_185c"
  _PTDSC 
SECTION: ".abs_section_185d"
  _PTDPS 
SECTION: ".abs_section_185e"
  _PTDES 
SECTION: ".abs_section_1860"
  _PTEPE 
SECTION: ".abs_section_1861"
  _PTESE 
SECTION: ".abs_section_1862"
  _PTEDS 
SECTION: ".abs_section_1868"
  _PTFPE 
SECTION: ".abs_section_1869"
  _PTFSE 
SECTION: ".abs_section_186a"
  _PTFDS 
SECTION: ".abs_section_1870"
  _PTGPE 
SECTION: ".abs_section_1871"
  _PTGSE 
SECTION: ".abs_section_1872"
  _PTGDS 
SECTION: ".abs_section_1880"
  _CANCTL0 
SECTION: ".abs_section_1881"
  _CANCTL1 
SECTION: ".abs_section_1882"
  _CANBTR0 
SECTION: ".abs_section_1883"
  _CANBTR1 
SECTION: ".abs_section_1884"
  _CANRFLG 
SECTION: ".abs_section_1885"
  _CANRIER 
SECTION: ".abs_section_1886"
  _CANTFLG 
SECTION: ".abs_section_1887"
  _CANTIER 
SECTION: ".abs_section_1888"
  _CANTARQ 
SECTION: ".abs_section_1889"
  _CANTAAK 
SECTION: ".abs_section_188a"
  _CANTBSEL 
SECTION: ".abs_section_188b"
  _CANIDAC 
SECTION: ".abs_section_188d"
  _CANMISC 
SECTION: ".abs_section_188e"
  _CANRXERR 
SECTION: ".abs_section_188f"
  _CANTXERR 
SECTION: ".abs_section_1890"
  _CANIDAR0 
SECTION: ".abs_section_1891"
  _CANIDAR1 
SECTION: ".abs_section_1892"
  _CANIDAR2 
SECTION: ".abs_section_1893"
  _CANIDAR3 
SECTION: ".abs_section_1894"
  _CANIDMR0 
SECTION: ".abs_section_1895"
  _CANIDMR1 
SECTION: ".abs_section_1896"
  _CANIDMR2 
SECTION: ".abs_section_1897"
  _CANIDMR3 
SECTION: ".abs_section_1898"
  _CANIDAR4 
SECTION: ".abs_section_1899"
  _CANIDAR5 
SECTION: ".abs_section_189a"
  _CANIDAR6 
SECTION: ".abs_section_189b"
  _CANIDAR7 
SECTION: ".abs_section_189c"
  _CANIDMR4 
SECTION: ".abs_section_189d"
  _CANIDMR5 
SECTION: ".abs_section_189e"
  _CANIDMR6 
SECTION: ".abs_section_189f"
  _CANIDMR7 
SECTION: ".abs_section_18a4"
  _CANRDSR0 
SECTION: ".abs_section_18a5"
  _CANRDSR1 
SECTION: ".abs_section_18a6"
  _CANRDSR2 
SECTION: ".abs_section_18a7"
  _CANRDSR3 
SECTION: ".abs_section_18a8"
  _CANRDSR4 
SECTION: ".abs_section_18a9"
  _CANRDSR5 
SECTION: ".abs_section_18aa"
  _CANRDSR6 
SECTION: ".abs_section_18ab"
  _CANRDSR7 
SECTION: ".abs_section_18ac"
  _CANRDLR 
SECTION: ".abs_section_18b4"
  _CANTDSR0 
SECTION: ".abs_section_18b5"
  _CANTDSR1 
SECTION: ".abs_section_18b6"
  _CANTDSR2 
SECTION: ".abs_section_18b7"
  _CANTDSR3 
SECTION: ".abs_section_18b8"
  _CANTDSR4 
SECTION: ".abs_section_18b9"
  _CANTDSR5 
SECTION: ".abs_section_18ba"
  _CANTDSR6 
SECTION: ".abs_section_18bb"
  _CANTDSR7 
SECTION: ".abs_section_18bc"
  _CANTDLR 
SECTION: ".abs_section_18bd"
  _CANTTBPR 
SECTION: ".abs_section_12"
  _ADCR 
SECTION: ".abs_section_14"
  _ADCCV 
SECTION: ".abs_section_21"
  _TPM1CNT 
SECTION: ".abs_section_23"
  _TPM1MOD 
SECTION: ".abs_section_26"
  _TPM1C0V 
SECTION: ".abs_section_29"
  _TPM1C1V 
SECTION: ".abs_section_2c"
  _TPM1C2V 
SECTION: ".abs_section_2f"
  _TPM1C3V 
SECTION: ".abs_section_32"
  _TPM1C4V 
SECTION: ".abs_section_35"
  _TPM1C5V 
SECTION: ".abs_section_38"
  _SCI1BD 
SECTION: ".abs_section_40"
  _SCI2BD 
SECTION: ".abs_section_61"
  _TPM2CNT 
SECTION: ".abs_section_63"
  _TPM2MOD 
SECTION: ".abs_section_66"
  _TPM2C0V 
SECTION: ".abs_section_69"
  _TPM2C1V 
SECTION: ".abs_section_1806"
  _SDID 
SECTION: ".abs_section_1810"
  _DBGCA 
SECTION: ".abs_section_1812"
  _DBGCB 
SECTION: ".abs_section_1814"
  _DBGF 
SECTION: ".abs_section_18ae"
  _CANRTSR 
SECTION: ".abs_section_18be"
  _CANTTSR 
SECTION: ".abs_section_18a0"
  _CANRIDR 
SECTION: ".abs_section_18b0"
  mscan_txframe _CANTIDR 
SECTION: ".abs_section_1070"
  n 
SECTION: ".abs_section_ffbd"
  NVPROT_INIT 
SECTION: ".abs_section_ffbf"
  NVOPT_INIT 

*********************************************************************************************
OBJECT LIST SORTED BY ADDRESS
     Name                                      Addr   hSize   dSize     Ref    Section   RLIB
---------------------------------------------------------------------------------------------
     _PTAD                                        0       1       1       0   .abs_section_0
     _PTADD                                       1       1       1       1   .abs_section_1
     _PTBD                                        2       1       1       0   .abs_section_2
     _PTBDD                                       3       1       1       1   .abs_section_3
     _PTCD                                        4       1       1       0   .abs_section_4
     _PTCDD                                       5       1       1       1   .abs_section_5
     _PTDD                                        6       1       1      14   .abs_section_6
     _PTDDD                                       7       1       1       3   .abs_section_7
     _PTED                                        8       1       1       0   .abs_section_8
     _PTEDD                                       9       1       1       1   .abs_section_9
     _PTFD                                        A       1       1       0   .abs_section_a
     _PTFDD                                       B       1       1       1   .abs_section_b
     _PTGD                                        C       1       1       0   .abs_section_c
     _PTGDD                                       D       1       1       1   .abs_section_d
     _ACMP1SC                                     E       1       1       0   .abs_section_e
     _ACMP2SC                                     F       1       1       0   .abs_section_f
     _ADCSC1                                     10       1       1       0   .abs_section_10
     _ADCSC2                                     11       1       1       0   .abs_section_11
     _ADCR                                       12       2       2       0   .abs_section_12
     _ADCCV                                      14       2       2       0   .abs_section_14
     _ADCCFG                                     16       1       1       0   .abs_section_16
     _APCTL1                                     17       1       1       0   .abs_section_17
     _APCTL2                                     18       1       1       0   .abs_section_18
     _APCTL3                                     19       1       1       0   .abs_section_19
     _IRQSC                                      1C       1       1       0   .abs_section_1c
     _TPM1SC                                     20       1       1       0   .abs_section_20
     _TPM1CNT                                    21       2       2       0   .abs_section_21
     _TPM1MOD                                    23       2       2       0   .abs_section_23
     _TPM1C0SC                                   25       1       1       0   .abs_section_25
     _TPM1C0V                                    26       2       2       0   .abs_section_26
     _TPM1C1SC                                   28       1       1       0   .abs_section_28
     _TPM1C1V                                    29       2       2       0   .abs_section_29
     _TPM1C2SC                                   2B       1       1       0   .abs_section_2b
     _TPM1C2V                                    2C       2       2       0   .abs_section_2c
     _TPM1C3SC                                   2E       1       1       0   .abs_section_2e
     _TPM1C3V                                    2F       2       2       0   .abs_section_2f
     _TPM1C4SC                                   31       1       1       0   .abs_section_31
     _TPM1C4V                                    32       2       2       0   .abs_section_32
     _TPM1C5SC                                   34       1       1       0   .abs_section_34
     _TPM1C5V                                    35       2       2       0   .abs_section_35
     _SCI1BD                                     38       2       2       2   .abs_section_38
     _SCI1C1                                     3A       1       1       1   .abs_section_3a
     _SCI1C2                                     3B       1       1       2   .abs_section_3b
     _SCI1S1                                     3C       1       1       2   .abs_section_3c
     _SCI1S2                                     3D       1       1       1   .abs_section_3d
     _SCI1C3                                     3E       1       1       1   .abs_section_3e
     _SCI1D                                      3F       1       1       2   .abs_section_3f
     _SCI2BD                                     40       2       2       0   .abs_section_40
     _SCI2C1                                     42       1       1       0   .abs_section_42
     _SCI2C2                                     43       1       1       0   .abs_section_43
     _SCI2S1                                     44       1       1       0   .abs_section_44
     _SCI2S2                                     45       1       1       0   .abs_section_45
     _SCI2C3                                     46       1       1       0   .abs_section_46
     _SCI2D                                      47       1       1       0   .abs_section_47
     _MCGC1                                      48       1       1       3   .abs_section_48
     _MCGC2                                      49       1       1       3   .abs_section_49
     _MCGTRM                                     4A       1       1       1   .abs_section_4a
     _MCGSC                                      4B       1       1       7   .abs_section_4b
     _MCGC3                                      4C       1       1       1   .abs_section_4c
     _SPIC1                                      50       1       1       1   .abs_section_50
     _SPIC2                                      51       1       1       1   .abs_section_51
     _SPIBR                                      52       1       1       1   .abs_section_52
     _SPIS                                       53       1       1       0   .abs_section_53
     _SPID                                       55       1       1       0   .abs_section_55
     _IICA                                       58       1       1       0   .abs_section_58
     _IICF                                       59       1       1       0   .abs_section_59
     _IICC1                                      5A       1       1       0   .abs_section_5a
     _IICS                                       5B       1       1       0   .abs_section_5b
     _IICD                                       5C       1       1       0   .abs_section_5c
     _IICC2                                      5D       1       1       0   .abs_section_5d
     _TPM2SC                                     60       1       1       0   .abs_section_60
     _TPM2CNT                                    61       2       2       0   .abs_section_61
     _TPM2MOD                                    63       2       2       0   .abs_section_63
     _TPM2C0SC                                   65       1       1       0   .abs_section_65
     _TPM2C0V                                    66       2       2       0   .abs_section_66
     _TPM2C1SC                                   68       1       1       0   .abs_section_68
     _TPM2C1V                                    69       2       2       0   .abs_section_69
     _RTCSC                                      6C       1       1       2   .abs_section_6c
     _RTCCNT                                     6D       1       1       0   .abs_section_6d
     _RTCMOD                                     6E       1       1       1   .abs_section_6e
     lvw_dis                                    100       1       1       3   .data       
     pbuf                                       101       6       6      12   .bss        
     cnt.4                                      107       1       1       3   .bss        
     can                                        108      1D      29       3   .bss        
     mscan_rxframe                              125      10      16       2   .bss        
     cnt.1                                      135       1       1       3   .bss        
     Firdata                                    136       C      12      19   .bss        
     F_index                                    142       1       1       2   .bss        
     tick                                       143       4       4       5   .common     
     dec_tick                                   147       4       4      12   .common     
     rtc_sec                                    14B       4       4       4   .common     
     lv_sBmu                                    14F       2       2       8   .common     
     wx                                         151      27      39      15   .common     
     mng                                        178      2A      42      16   .common     
     cal                                        1A2      DC     220       5   .common     
     lv_sPI                                     27E       1       1       2   .common     
     gv_sPI                                     27F      18      24       2   .common     
     lv_sSC                                     297       1       1       1   .common     
     gv_sSC                                     298     129     297      18   .common     
     n                                         1070       2       2       3   .abs_section_1070
     _SRS                                      1800       1       1       5   .abs_section_1800
     _SBDFR                                    1801       1       1       0   .abs_section_1801
     _SOPT1                                    1802       1       1       1   .abs_section_1802
     _SOPT2                                    1803       1       1       1   .abs_section_1803
     _SDID                                     1806       2       2       0   .abs_section_1806
     _SPMSC1                                   1809       1       1       2   .abs_section_1809
     _SPMSC2                                   180A       1       1       1   .abs_section_180a
     _DBGCA                                    1810       2       2       0   .abs_section_1810
     _DBGCB                                    1812       2       2       0   .abs_section_1812
     _DBGF                                     1814       2       2       0   .abs_section_1814
     _DBGC                                     1816       1       1       0   .abs_section_1816
     _DBGT                                     1817       1       1       0   .abs_section_1817
     _DBGS                                     1818       1       1       0   .abs_section_1818
     _FCDIV                                    1820       1       1       0   .abs_section_1820
     _FOPT                                     1821       1       1       0   .abs_section_1821
     _FCNFG                                    1823       1       1       0   .abs_section_1823
     _FPROT                                    1824       1       1       0   .abs_section_1824
     _FSTAT                                    1825       1       1       0   .abs_section_1825
     _FCMD                                     1826       1       1       0   .abs_section_1826
     _PTAPE                                    1840       1       1       1   .abs_section_1840
     _PTASE                                    1841       1       1       1   .abs_section_1841
     _PTADS                                    1842       1       1       1   .abs_section_1842
     _PTASC                                    1844       1       1       0   .abs_section_1844
     _PTAPS                                    1845       1       1       0   .abs_section_1845
     _PTAES                                    1846       1       1       0   .abs_section_1846
     _PTBPE                                    1848       1       1       1   .abs_section_1848
     _PTBSE                                    1849       1       1       1   .abs_section_1849
     _PTBDS                                    184A       1       1       1   .abs_section_184a
     _PTBSC                                    184C       1       1       0   .abs_section_184c
     _PTBPS                                    184D       1       1       0   .abs_section_184d
     _PTBES                                    184E       1       1       0   .abs_section_184e
     _PTCPE                                    1850       1       1       1   .abs_section_1850
     _PTCSE                                    1851       1       1       1   .abs_section_1851
     _PTCDS                                    1852       1       1       1   .abs_section_1852
     _PTDPE                                    1858       1       1       2   .abs_section_1858
     _PTDSE                                    1859       1       1       1   .abs_section_1859
     _PTDDS                                    185A       1       1       1   .abs_section_185a
     _PTDSC                                    185C       1       1       0   .abs_section_185c
     _PTDPS                                    185D       1       1       0   .abs_section_185d
     _PTDES                                    185E       1       1       0   .abs_section_185e
     _PTEPE                                    1860       1       1       1   .abs_section_1860
     _PTESE                                    1861       1       1       1   .abs_section_1861
     _PTEDS                                    1862       1       1       1   .abs_section_1862
     _PTFPE                                    1868       1       1       1   .abs_section_1868
     _PTFSE                                    1869       1       1       1   .abs_section_1869
     _PTFDS                                    186A       1       1       1   .abs_section_186a
     _PTGPE                                    1870       1       1       1   .abs_section_1870
     _PTGSE                                    1871       1       1       1   .abs_section_1871
     _PTGDS                                    1872       1       1       1   .abs_section_1872
     _CANCTL0                                  1880       1       1       3   .abs_section_1880
     _CANCTL1                                  1881       1       1       4   .abs_section_1881
     _CANBTR0                                  1882       1       1       4   .abs_section_1882
     _CANBTR1                                  1883       1       1       1   .abs_section_1883
     _CANRFLG                                  1884       1       1       1   .abs_section_1884
     _CANRIER                                  1885       1       1       2   .abs_section_1885
     _CANTFLG                                  1886       1       1       2   .abs_section_1886
     _CANTIER                                  1887       1       1       2   .abs_section_1887
     _CANTARQ                                  1888       1       1       0   .abs_section_1888
     _CANTAAK                                  1889       1       1       0   .abs_section_1889
     _CANTBSEL                                 188A       1       1       1   .abs_section_188a
     _CANIDAC                                  188B       1       1       4   .abs_section_188b
     _CANMISC                                  188D       1       1       0   .abs_section_188d
     _CANRXERR                                 188E       1       1       0   .abs_section_188e
     _CANTXERR                                 188F       1       1       0   .abs_section_188f
     _CANIDAR0                                 1890       1       1       1   .abs_section_1890
     _CANIDAR1                                 1891       1       1       1   .abs_section_1891
     _CANIDAR2                                 1892       1       1       1   .abs_section_1892
     _CANIDAR3                                 1893       1       1       1   .abs_section_1893
     _CANIDMR0                                 1894       1       1       1   .abs_section_1894
     _CANIDMR1                                 1895       1       1       1   .abs_section_1895
     _CANIDMR2                                 1896       1       1       1   .abs_section_1896
     _CANIDMR3                                 1897       1       1       1   .abs_section_1897
     _CANIDAR4                                 1898       1       1       1   .abs_section_1898
     _CANIDAR5                                 1899       1       1       1   .abs_section_1899
     _CANIDAR6                                 189A       1       1       1   .abs_section_189a
     _CANIDAR7                                 189B       1       1       1   .abs_section_189b
     _CANIDMR4                                 189C       1       1       1   .abs_section_189c
     _CANIDMR5                                 189D       1       1       1   .abs_section_189d
     _CANIDMR6                                 189E       1       1       1   .abs_section_189e
     _CANIDMR7                                 189F       1       1       1   .abs_section_189f
     _CANRIDR                                  18A0       4       4       0   .abs_section_18a0
     _CANRDSR0                                 18A4       1       1       0   .abs_section_18a4
     _CANRDSR1                                 18A5       1       1       0   .abs_section_18a5
[...]
  _ABS_L_HX _SPLITSIGN_L _LMODU_k_is_k_mod_j _LDIVU_k_is_k_div_j 
  _LMODS_k_is_k_mod_j _LDIVS_k_is_k_div_j _CMP24_k_rel_j _BMULS _BDIVS _BMODS 
  _IDIVS_STAR08 _IMODS_STAR08 _IMODU_STAR08 _IMODU_8 _IASR _ILSL _ICMP _LNOT 
  _LADD _LADD_RC _LSUB_LC _LSUB_RC _LAND _LAND_RC _LOR _LOR_RC _LXOR _LXOR_RC 
  _LMUL _LMUL_RC _LDIVS _LDIVS_LC _LDIVS_RC _LDIVU _LDIVU_LC _LDIVU_RC _LMODS 
  _LMODS_LC _LMODS_RC _LMODU _LMODU_LC _LMODU_RC _LASR _LLSL _PUSH_ARGS_24 
  _ENTER_BINARY_24_RC _ENTER_BINARY_24 _CMP24 _CMP24_RC _POP64 _STORE32 
  _STORE64 _SEXT8_32 _CALL_STAR08 _CALL_STAR08_FAR _Jump_Table_Offset 
  _Jump_Table_Header_Addr _Jump_Table_Header_Offset _Search_Table_16_Addr 
  _Search_Table_16_Offset _PUSH_CC _POP_CC _CONV_FAR_TO_NEAR 
  _CONV_FAR_TO_LINEAR _CONV_LINEAR_TO_FAR 
mcu.c.o:
  empty_printf bit_get reset pin_toggle iic_init iic_reset iic_xfer spi_init 
  spi_xfer adc_init adc_conv 
MCUinit.c.o:
  MCU_init 
test.c.o:
  test_eeprom test_mscan test_can test_spi test_ltc6802 test_adc 
can.c.o:
  can_up_frame 
ltc6802.c.o:
  ltc6802_init ltc6802_wrcfg ltc6802_rdcfg ltc6802_rdflg ltc6802_stad 
  ltc6802_rdcv ltc6802_rdtmp ltc6802_poll ltc6802_write ltc6802_read 
  ltc6802_crc 
bmu.c.o:
  lf_vBmuTestB lf_SYCellNumInit 
wx.c.o:
  wx_crx_proc 
vs.c.o:
  vs_clear vs_scan vs_init vs_proc 
ts.c.o:
  ts_adc_to_temp ts_adc_to_mcu_temp ts_sense ts_init ts_proc 
bal.c.o:
  bal_init bal_proc_low bal_get_ibal bal_proc_ext bal_proc_int bal_proc 
  bal_set_ext bal_ena_ext bal_get_ext bal_ena_int bal_get_int 
mng.c.o:
  lf_vMngExec700_M0_Info lf_vMngExec700_M0_Oper lf_vMngExec700_M0_Read 
  lf_vMngExec700_M0_Write lf_vMngExec700_M0 lf_vMngExec700_PI_Info 
  lf_vMngExec700_PI_Oper lf_vMngExec700_PI_Read lf_vMngExec700_PI_Write 
  lf_vMngExec700_PI lf_vMngExec700_SC mng_info 
cal.c.o:
  cal_init cal_clear cal_volt cal_temp cal_proc 
pi.c.o:
  lf_nPICheck lf_nPIUnlock lf_nPIUpdate lf_nPISave gf_nPIUnlock gf_nPISetSN 
  gf_nPISave 
sc.c.o:
  lf_nSCLoad lf_nSCCheck lf_nSCUpdate lf_nSCSave gf_nSCSave 
NOT USED VARIABLES
EMBEDDED.C.o (ansiis.lib):
  STRING..1 
RTSHC08.C.o (ansiis.lib):
  _PowOfTwo_8 _PowOfTwo_16 _PowOfTwo_32 errno 
mcu.c.o:
  illegal_instructions reset_func STRING.reset........6 
  STRING.iic.init.done...7 STRING.C..Users.Administrat.8 STRING..02X..9 
  STRING.iic.bus.error.......10 STRING.S.11 STRING.T.12 STRING...13 
  STRING..02X.14 STRING.P.15 STRING.s.16 STRING.T.17 STRING.R.18 STRING...19 
  STRING..02X.20 STRING...21 STRING..02X.22 STRING.P.23 STRING....24 
  STRING.SPI.TX...25 STRING..02X..26 STRING...RX...27 STRING..02X..28 
  STRING....29 STRING.adc.ch.d..dms..d....30 STRING..u..d...31 
ltc6802.c.o:
  STRING.C..Users.Administrat.1 ltc6802 
bmu.c.o:
  cfg.7 
vs.c.o:
  vs vs_data 
ts.c.o:
  STRING.Rt...ld...1 STRING.....ld..2 STRING...ld..ld....3 STRING..ld...4 
  STRING..ld...5 STRING..ld...6 STRING.C..Users.Administrat.7 STRING.ts...8 
  STRING..d...9 STRING..d...10 ts ts_data 
bal.c.o:
  STRING..u...1 STRING..u.2 STRING.....3 STRING._...4 STRING._...5 
  STRING.....lxh...6 bal vs_data 
mng.c.o:
  STRING....Exec700.M0.Read...1 STRING....Exec700.M0.Write..2 
  STRING....Exec700.M0...3 STRING....Exec700.PI.Info...4 
  STRING....Exec700.PI.Oper...5 STRING....Exec700.PI.Read...6 
  STRING....Exec700.PI.Read...7 STRING....Exec700.PI...8 
cal.c.o:
  vs_data ts_data 
pi.c.o:
  STRING.....NG....Invalid.sH.1 STRING.....NG....Invalid.Ma.2 
  STRING.....NG....CSEven.fai.3 STRING.....NG....CSOdd.fail.4 
  STRING.....NG....Unmatched..5 STRING.....NG....Update.Cou.6 STRING..02X..7 
  STRING....CSEven...Xh...8 STRING..02X..9 STRING....CSOdd...Xh...10 
  STRING.gf_nPIUnlock..Xh....14 STRING.....NG....PI.Not.Loa.15 
  STRING.....NG....PI.Not.Che.16 STRING....OK..PI.Unlocked...17 
  STRING.gf_nPISetSN.sn....18 STRING.....NG....PI.Not.Loa.19 
  STRING.....NG....PI.Not.Che.20 STRING.....NG....PI.Not.Unl.21 
  STRING....OK..PI.Set.SN...22 STRING.gf_nPISave.....23 
  STRING.....NG....PI.Not.Loa.24 STRING.....NG....PI.Not.Che.25 
  STRING.....NG....PI.Not.Unl.26 STRING....OK..PI.Save...27 
sc.c.o:
  STRING.....NG....Invalid.sH.1 STRING.....NG....Invalid.Ma.2 
  STRING.....NG....CSEven.fai.3 STRING.....NG....CSOdd.fail.4 
  STRING.....NG....Update.Cou.5 STRING..02X..6 STRING....CSEven...Xh...7 
  STRING..02X..8 STRING....CSOdd...Xh...9 STRING.gf_nSCSave.....12 
  STRING.....NG....SC.Not.Loa.13 STRING.....NG....SC.Not.Che.14 
  STRING....OK..SC.Save...15 

*********************************************************************************************
COPYDOWN SECTION
---------------------------------------------------------------------------------------------
------- ROM-ADDRESS: 0x3044 ---- SIZE       4 ---
Filling bytes inserted
 00010100
------- ROM-ADDRESS: 0x3048 ---- RAM-ADDRESS: 0x100 ---- SIZE       1 ---
Name of initialized Object : lvw_dis
 C8
------- ROM-ADDRESS: 0x3049 ---- SIZE       2 ---
Filling bytes inserted
 0000

*********************************************************************************************
OBJECT-DEPENDENCIES SECTION
---------------------------------------------------------------------------------------------
Init                      USES _startupData loadByte 
_Startup                  USES __SEG_END_SSTACK Init main 
printf                    USES TERMIO_PutChar set_printf vprintf 
vprintf                   USES _out vprintf _Search_Table_8_Offset 
                                _IMUL_STAR08 _Jump_Table_Addr _Search_Table_8_Addr pbuf 
                                _SEXT16_32 _POP32 _LNEG pow8 _LCMP pow16 pow10 _COPY 
                                _LSUB 
_out                      USES pbuf 
set_printf                USES pbuf 
_ENTER_BINARY_L           USES _PUSH_ARGS_L 
_ENTER_BINARY_L_RC        USES _PUSH_ARGS_L 
_IDIVU_STAR08             USES _IDIVMOD 
_IDIVU_8                  USES _IDIVU_STAR08 
_LINC                     USES _ENTER_UNARY_L 
_LDEC                     USES _ENTER_UNARY_L 
_LNEG                     USES _ENTER_UNARY_L 
_LSUB                     USES _ENTER_BINARY_L _LSUB_k_is_k_minus_j 
_LLSR                     USES _ENTER_UNARY_L 
_LCMP                     USES _ENTER_BINARY_L _LCMP_k_rel_j 
_LCMP_RC                  USES _ENTER_BINARY_L_RC _LCMP_k_rel_j 
main                      USES init _SRS n STRING.....start.up..d.for..1 
                                printf test gf_vBmuMain halt 
fault_isr                 USES _PTDD STRING.fault.isr...1 printf 
init_write_once           USES _SOPT1 _SOPT2 _SPMSC1 _SPMSC2 
lvw_isr                   USES _SPMSC1 lvw_dis STRING.lvw_dis..d...2 printf 
                                _PTDD pin_high pin_low feed_watch_dog tick 
                                STRING.lvw..u...3 
init_xtal                 USES _PTDD _PTDPE _PTDDD _MCGTRM _MCGSC _MCGC2 
                                _MCGC1 _MCGC3 _SRS 
init_watchdog             USES _SRS 
rtc_isr                   USES _PTDD _RTCSC tick _LINC _POP32 dec_tick _LDEC 
                                lvw_dis rtc_sec cnt.4 
init_tick                 USES tick dec_tick rtc_sec _RTCMOD _RTCSC 
init_pins                 USES _PTADD _PTBDD _PTCDD _PTDDD _PTEDD _PTFDD 
                                _PTGDD _PTAPE _PTBPE _PTCPE _PTDPE _PTEPE _PTFPE 
                                _PTGPE _PTASE _PTBSE _PTCSE _PTDSE _PTESE _PTFSE 
                                _PTGSE _PTADS _PTBDS _PTCDS _PTDDS _PTEDS _PTFDS 
                                _PTGDS pin_cfg bit_set bit_clr 
init_sci                  USES _SCI1C2 _SCI1S1 _SCI1D _SCI1S2 _SCI1BD _SCI1C1 
                                _SCI1C3 STRING.uart.init.done...5 printf 
TERMIO_PutChar            USES _SCI1S1 _SCI1D 
init                      USES init_write_once init_xtal init_pins init_sci 
                                init_watchdog init_tick 
feed_watch_dog            USES _SRS 
delay_ms                  USES feed_watch_dog 
halt                      USES feed_watch_dog 
pin_high                  USES pin_cfg bit_set 
pin_low                   USES pin_cfg bit_clr 
mscan_init                USES _CANCTL0 mscan_init _CANCTL1 _CANBTR1 _CANBTR0 
                                _CANIDAC _CANIDAR0 _CANIDAR1 _CANIDAR2 _CANIDAR3 
                                _CANIDAR4 _CANIDAR5 _CANIDAR6 _CANIDAR7 _CANIDMR0 
                                _CANIDMR1 _CANIDMR2 _CANIDMR3 _CANIDMR4 _CANIDMR5 
                                _CANIDMR6 _CANIDMR7 _CANRIER _CANTIER _SRS 
mscan_reset               USES _CANRIER _CANTIER _CANCTL1 
mscan_xmit                USES _CANTFLG _CANTBSEL mscan_txframe _COPY 
mscan_rx_isr              USES _PTDD mscan_rxframe mscan_rxcb _CANRFLG 
spi_reset                 USES _SPIC1 _SPIC2 _SPIBR 
can_init                  USES gv_sSC mscan_init pin_low 
can_reset                 USES pin_high mscan_reset 
can_xmit                  USES can can_down_frame mscan_xmit 
mscan_rxcb                USES can gf_vCanRxcb 
can_down_frame            USES _LCMP_RC _LLSR _ILSR 
ltc6802_reset             USES pin_high spi_reset 
lf_nBmuLoad               USES STRING.lf_nBmuLoad.....1 printf gf_nPIInit 
                                gf_nPILoad gf_nSCInit gf_nSCLoad 
                                STRING....OK..lf_nBmuLoad...2 
lf_eBmuRunConfig          USES STRING.lf_eBmuRunConfig.....3 printf mng_init 
                                feed_watch_dog mng_crx_proc mng_reset 
                                STRING....End..lf_eBmuRunCo.4 
lf_eBmuRunNormal          USES STRING.lf_eBmuRunNormal.....5 printf wx_init 
                                feed_watch_dog wx_sync mscan_rxframe mscan_rxcb gv_sSC 
                                lf_fanStatusLow lf_fanStatusHigh wx_ctx Fir_pro bal_reset 
                                cal_reset ts_reset vs_reset wx_reset 
                                STRING....End..lf_eBmuRunNo.6 
gf_vBmuMain               USES STRING.bmu_main.....8 printf lf_nBmuLoad 
                                lv_sBmu gv_sSC STRING....Start.Mode...d...9 delay_ms 
                                lf_eBmuRunNormal lf_eBmuRunConfig 
gf_vCanRxcb               USES lv_sBmu wx_crx_save mng_crx_save 
lf_fanStatusLow           USES cal _IDIVU_STAR08 _IDIVU_8 pin_high pin_low 
lf_fanStatusHigh          USES cal _IDIVU_STAR08 _IDIVU_8 pin_high pin_low 
wx_init                   USES wx gv_sSC dec_tick can_init 
wx_reset                  USES can_reset 
wx_crx_save               USES Firdata 
wx_sync                   USES wx gv_sSC _SEXT16_32 dec_tick _POP32 
                                feed_watch_dog 
wx_ctx                    USES cnt.1 gv_sSC _SEXT16_32 wx _POP32 cal 
                                _IDIVU_STAR08 can_xmit delay_ms 
Fir_pro                   USES Firdata F_index wx can_xmit delay_ms 
vs_reset                  USES gv_sSC pin_high ltc6802_reset 
ts_reset                  USES adc_reset 
mng_crx_save              USES mng _COPY 
mng_crx_proc              USES mng _PTDD can_xmit 
mng_init                  USES mng can_init dec_tick 
mng_reset                 USES can_reset 
lf_nPILoad                USES gv_sPI lc_sPIDefault _COPY lv_sPI 
gf_nPIInit                USES STRING.gf_nPIInit.....11 printf lv_sPI 
gf_nPILoad                USES STRING.gf_nPILoad.....12 printf lf_nPILoad 
                                gv_sPI STRING....OK..PI.Loaded...d.13 
gf_nSCInit                USES STRING.gf_nSCInit.....10 printf lv_sSC 
gf_nSCLoad                USES gv_sSC lc_sSCDefault _COPY_L 
                                STRING....OK..SC.Loaded...d.11 printf 

*********************************************************************************************
DEPENDENCY TREE
*********************************************************************************************
 main and _Startup Group
 | 
 +- main                
 |  | 
 |  +- init                
 |  |  | 
 |  |  +- init_write_once     
 |  |  |    
 |  |  +- init_xtal           
 |  |  |    
 |  |  +- init_pins           
 |  |  |  | 
 |  |  |  +- bit_set             
 |  |  |  |    
 |  |  |  +- bit_clr             
 |  |  |       
 |  |  +- init_sci            
 |  |  |  | 
 |  |  |  +- printf              
 |  |  |     | 
 |  |  |     +- TERMIO_PutChar      
 |  |  |     |    
 |  |  |     +- set_printf          
 |  |  |     |    
 |  |  |     +- vprintf             
 |  |  |        | 
 |  |  |        +- _out                
 |  |  |        |    
 |  |  |        +- _Search_Table_8_Offset
 |  |  |        |    
 |  |  |        +- _IMUL_STAR08        
 |  |  |        |    
 |  |  |        +- _Jump_Table_Addr    
 |  |  |        |    
 |  |  |        +- _Search_Table_8_Addr
 |  |  |        |    
 |  |  |        +- _SEXT16_32          
 |  |  |        |    
 |  |  |        +- _POP32              
 |  |  |        |    
 |  |  |        +- _LNEG               
 |  |  |        |  | 
 |  |  |        |  +- _ENTER_UNARY_L      
 |  |  |        |       
 |  |  |        +- _LCMP               
 |  |  |        |  | 
 |  |  |        |  +- _ENTER_BINARY_L     
 |  |  |        |  |  | 
 |  |  |        |  |  +- _PUSH_ARGS_L        
 |  |  |        |  |       
 |  |  |        |  +- _LCMP_k_rel_j       
 |  |  |        |       
 |  |  |        +- _COPY               
 |  |  |        |    
 |  |  |        +- _LSUB               
 |  |  |           | 
 |  |  |           +- _ENTER_BINARY_L      (see above)
 |  |  |           |  
 |  |  |           +- _LSUB_k_is_k_minus_j
 |  |  |                
 |  |  +- init_watchdog       
 |  |  |    
 |  |  +- init_tick           
 |  |       
 |  +- printf               (see above)
 |  |  
 |  +- test                
 |  |    
 |  +- gf_vBmuMain         
 |  |  | 
 |  |  +- printf               (see above)
 |  |  |  
 |  |  +- lf_nBmuLoad         
 |  |  |  | 
 |  |  |  +- printf               (see above)
 |  |  |  |  
 |  |  |  +- gf_nPIInit          
 |  |  |  |  | 
 |  |  |  |  +- printf               (see above)
 |  |  |  |     
 |  |  |  +- gf_nPILoad          
 |  |  |  |  | 
 |  |  |  |  +- printf               (see above)
 |  |  |  |  |  
 |  |  |  |  +- lf_nPILoad          
 |  |  |  |     | 
 |  |  |  |     +- _COPY                (see above)
 |  |  |  |        
 |  |  |  +- gf_nSCInit          
 |  |  |  |  | 
 |  |  |  |  +- printf               (see above)
 |  |  |  |     
 |  |  |  +- gf_nSCLoad          
 |  |  |     | 
 |  |  |     +- _COPY_L             
 |  |  |     |    
 |  |  |     +- printf               (see above)
 |  |  |        
 |  |  +- delay_ms            
 |  |  |  | 
 |  |  |  +- feed_watch_dog      
 |  |  |       
 |  |  +- lf_eBmuRunNormal    
 |  |  |  | 
 |  |  |  +- printf               (see above)
 |  |  |  |  
 |  |  |  +- wx_init             
 |  |  |  |  | 
 |  |  |  |  +- can_init            
 |  |  |  |     | 
 |  |  |  |     +- mscan_init          
 |  |  |  |     |    
 |  |  |  |     +- pin_low             
 |  |  |  |        | 
 |  |  |  |        +- bit_clr              (see above)
 |  |  |  |           
 |  |  |  +- feed_watch_dog       (see above)
 |  |  |  |  
 |  |  |  +- wx_sync             
 |  |  |  |  | 
 |  |  |  |  +- _SEXT16_32           (see above)
 |  |  |  |  |  
 |  |  |  |  +- _POP32               (see above)
 |  |  |  |  |  
 |  |  |  |  +- feed_watch_dog       (see above)
 |  |  |  |     
 |  |  |  +- mscan_rxcb          
 |  |  |  |  | 
 |  |  |  |  +- gf_vCanRxcb         
 |  |  |  |     | 
 |  |  |  |     +- wx_crx_save         
 |  |  |  |     |    
 |  |  |  |     +- mng_crx_save        
 |  |  |  |        | 
 |  |  |  |        +- _COPY                (see above)
 |  |  |  |           
 |  |  |  +- lf_fanStatusLow     
 |  |  |  |  | 
 |  |  |  |  +- _IDIVU_STAR08       
 |  |  |  |  |  | 
 |  |  |  |  |  +- _IDIVMOD            
 |  |  |  |  |       
 |  |  |  |  +- _IDIVU_8            
 |  |  |  |  |  | 
 |  |  |  |  |  +- _IDIVU_STAR08        (see above)
 |  |  |  |  |     
 |  |  |  |  +- pin_high            
 |  |  |  |  |  | 
 |  |  |  |  |  +- bit_set              (see above)
 |  |  |  |  |     
 |  |  |  |  +- pin_low              (see above)
 |  |  |  |     
 |  |  |  +- lf_fanStatusHigh    
 |  |  |  |  | 
 |  |  |  |  +- _IDIVU_STAR08        (see above)
 |  |  |  |  |  
 |  |  |  |  +- _IDIVU_8             (see above)
 |  |  |  |  |  
 |  |  |  |  +- pin_high             (see above)
 |  |  |  |  |  
 |  |  |  |  +- pin_low              (see above)
 |  |  |  |     
 |  |  |  +- wx_ctx              
 |  |  |  |  | 
 |  |  |  |  +- _SEXT16_32           (see above)
 |  |  |  |  |  
 |  |  |  |  +- _POP32               (see above)
 |  |  |  |  |  
 |  |  |  |  +- _IDIVU_STAR08        (see above)
 |  |  |  |  |  
 |  |  |  |  +- can_xmit            
 |  |  |  |  |  | 
 |  |  |  |  |  +- can_down_frame      
 |  |  |  |  |  |  | 
 |  |  |  |  |  |  +- _LCMP_RC            
 |  |  |  |  |  |  |  | 
 |  |  |  |  |  |  |  +- _ENTER_BINARY_L_RC  
 |  |  |  |  |  |  |  |  | 
 |  |  |  |  |  |  |  |  +- _PUSH_ARGS_L         (see above)
 |  |  |  |  |  |  |  |     
 |  |  |  |  |  |  |  +- _LCMP_k_rel_j        (see above)
 |  |  |  |  |  |  |     
 |  |  |  |  |  |  +- _LLSR               
 |  |  |  |  |  |  |  | 
 |  |  |  |  |  |  |  +- _ENTER_UNARY_L       (see above)
 |  |  |  |  |  |  |     
 |  |  |  |  |  |  +- _ILSR               
 |  |  |  |  |  |       
 |  |  |  |  |  +- mscan_xmit          
 |  |  |  |  |     | 
 |  |  |  |  |     +- _COPY                (see above)
 |  |  |  |  |        
 |  |  |  |  +- delay_ms             (see above)
 |  |  |  |     
 |  |  |  +- Fir_pro             
 |  |  |  |  | 
 |  |  |  |  +- can_xmit             (see above)
 |  |  |  |  |  
 |  |  |  |  +- delay_ms             (see above)
 |  |  |  |     
 |  |  |  +- bal_reset           
 |  |  |  |    
 |  |  |  +- cal_reset           
 |  |  |  |    
 |  |  |  +- ts_reset            
 |  |  |  |  | 
 |  |  |  |  +- adc_reset           
 |  |  |  |       
 |  |  |  +- vs_reset            
 |  |  |  |  | 
 |  |  |  |  +- pin_high             (see above)
 |  |  |  |  |  
 |  |  |  |  +- ltc6802_reset       
 |  |  |  |     | 
 |  |  |  |     +- pin_high             (see above)
 |  |  |  |     |  
 |  |  |  |     +- spi_reset           
 |  |  |  |          
 |  |  |  +- wx_reset            
 |  |  |     | 
 |  |  |     +- can_reset           
 |  |  |        | 
 |  |  |        +- pin_high             (see above)
 |  |  |        |  
 |  |  |        +- mscan_reset         
 |  |  |             
 |  |  +- lf_eBmuRunConfig    
 |  |     | 
 |  |     +- printf               (see above)
 |  |     |  
 |  |     +- mng_init            
 |  |     |  | 
 |  |     |  +- can_init             (see above)
 |  |     |     
 |  |     +- feed_watch_dog       (see above)
 |  |     |  
 |  |     +- mng_crx_proc        
 |  |     |  | 
 |  |     |  +- can_xmit             (see above)
 |  |     |     
 |  |     +- mng_reset           
 |  |        | 
 |  |        +- can_reset            (see above)
 |  |           
 |  +- halt                
 |     | 
 |     +- feed_watch_dog       (see above)
 |        
 +- _Startup            
    | 
    +- Init                
    |  | 
    |  +- loadByte            
    |       
    +- main                 (see above)
       
 fault_isr           
 | 
 +- printf               (see above)
    
 lvw_isr             
 | 
 +- printf               (see above)
 |  
 +- pin_high             (see above)
 |  
 +- pin_low              (see above)
 |  
 +- feed_watch_dog       (see above)
    
 rtc_isr             
 | 
 +- _LINC               
 |  | 
 |  +- _ENTER_UNARY_L       (see above)
 |     
 +- _POP32               (see above)
 |  
 +- _LDEC               
    | 
    +- _ENTER_UNARY_L       (see above)
       
 mscan_rx_isr        
 | 
 +- mscan_rxcb           (see above)
    
*********************************************************************************************
STATISTIC SECTION
---------------------------------------------------------------------------------------------

ExeFile:
--------
Number of blocks to be downloaded: 7
Total size of all blocks to be downloaded: 6029

